
Sofien.Saidan@Sofienlaptop MINGW64 /d/siraj/learn_git_again (master)
$ git init
Initialized empty Git repository in D:/siraj/learn_git_again/.git/

Sofien.Saidan@Sofienlaptop MINGW64 /d/siraj/learn_git_again (master)
$ touch third.txt

Sofien.Saidan@Sofienlaptop MINGW64 /d/siraj/learn_git_again (master)
$ git add third.txt


Sofien.Saidan@Sofienlaptop MINGW64 /d/siraj/learn_git_again (master)
$ git commit -m "adding third.txt"
[master (root-commit) e6e945d] adding third.txt
 Committer: Sofien Saidan <Sofien.Saidan@bta.com.tr>
Your name and email address were configured automatically based
on your username and hostname. Please check that they are accurate.
You can suppress this message by setting them explicitly. Run the
following command and follow the instructions in your editor to edit
your configuration file:

    git config --global --edit

After doing this, you may fix the identity used for this commit with:

    git commit --amend --reset-author

 1 file changed, 0 insertions(+), 0 deletions(-)
 create mode 100644 third.txt

Sofien.Saidan@Sofienlaptop MINGW64 /d/siraj/learn_git_again (master)
$ git log
commit e6e945d94bd623097c36068a95e7866e4605d58f (HEAD -> master)
Author: Sofien Saidan <Sofien.Saidan@bta.com.tr>
Date:   Tue Jul 7 14:51:29 2020 +0100

    adding third.txt

Sofien.Saidan@Sofienlaptop MINGW64 /d/siraj/learn_git_again (master)
$ fourth.txt
bash: fourth.txt: command not found

Sofien.Saidan@Sofienlaptop MINGW64 /d/siraj/learn_git_again (master)
$ touch fourth.txt

Sofien.Saidan@Sofienlaptop MINGW64 /d/siraj/learn_git_again (master)
$ git add fourth.txt

Sofien.Saidan@Sofienlaptop MINGW64 /d/siraj/learn_git_again (master)
$ git commit -m "adding fourth.txt"
[master baab2d7] adding fourth.txt
 Committer: Sofien Saidan <Sofien.Saidan@bta.com.tr>
Your name and email address were configured automatically based
on your username and hostname. Please check that they are accurate.
You can suppress this message by setting them explicitly. Run the
following command and follow the instructions in your editor to edit
your configuration file:

    git config --global --edit

After doing this, you may fix the identity used for this commit with:

    git commit --amend --reset-author

 1 file changed, 0 insertions(+), 0 deletions(-)
 create mode 100644 fourth.txt

Sofien.Saidan@Sofienlaptop MINGW64 /d/siraj/learn_git_again (master)
$ rm."third.txt"
bash: rm.third.txt: command not found

Sofien.Saidan@Sofienlaptop MINGW64 /d/siraj/learn_git_again (master)
$ rm third.txt

Sofien.Saidan@Sofienlaptop MINGW64 /d/siraj/learn_git_again (master)
$ git add third.txt

Sofien.Saidan@Sofienlaptop MINGW64 /d/siraj/learn_git_again (master)
$ commit -m "removing third.txt"
bash: commit: command not found

Sofien.Saidan@Sofienlaptop MINGW64 /d/siraj/learn_git_again (master)
$ git commit -m "removing third.txt"
[master e20e7f2] removing third.txt
 Committer: Sofien Saidan <Sofien.Saidan@bta.com.tr>
Your name and email address were configured automatically based
on your username and hostname. Please check that they are accurate.
You can suppress this message by setting them explicitly. Run the
following command and follow the instructions in your editor to edit
your configuration file:

    git config --global --edit

After doing this, you may fix the identity used for this commit with:

    git commit --amend --reset-author

 1 file changed, 0 insertions(+), 0 deletions(-)
 delete mode 100644 third.txt

Sofien.Saidan@Sofienlaptop MINGW64 /d/siraj/learn_git_again (master)
$ git log
commit e20e7f284949ad7e363f07c5b4367f93696402f1 (HEAD -> master)
Author: Sofien Saidan <Sofien.Saidan@bta.com.tr>
Date:   Tue Jul 7 14:58:35 2020 +0100

    removing third.txt

commit baab2d78178935f44d2b12be0fdae0253fa9708d
Author: Sofien Saidan <Sofien.Saidan@bta.com.tr>
Date:   Tue Jul 7 14:54:45 2020 +0100

    adding fourth.txt

commit e6e945d94bd623097c36068a95e7866e4605d58f
Author: Sofien Saidan <Sofien.Saidan@bta.com.tr>
Date:   Tue Jul 7 14:51:29 2020 +0100

    adding third.txt

Sofien.Saidan@Sofienlaptop MINGW64 /d/siraj/learn_git_again (master)
$ git config --global core.pager "cat"

Sofien.Saidan@Sofienlaptop MINGW64 /d/siraj/learn_git_again (master)
$ git config --global-- list
error: unknown option `global--'
usage: git config [<options>]

Config file location
    --global              use global config file
    --system              use system config file
    --local               use repository config file
    --worktree            use per-worktree config file
    -f, --file <file>     use given config file
    --blob <blob-id>      read config from given blob object

Action
    --get                 get value: name [value-regex]
    --get-all             get all values: key [value-regex]
    --get-regexp          get values for regexp: name-regex [value-regex]
    --get-urlmatch        get value specific for the URL: section[.var] URL
    --replace-all         replace all matching variables: name value [value_regex]
    --add                 add a new variable: name value
    --unset               remove a variable: name [value-regex]
    --unset-all           remove all matches: name [value-regex]
    --rename-section      rename section: old-name new-name
    --remove-section      remove a section: name
    -l, --list            list all
    -e, --edit            open an editor
    --get-color           find the color configured: slot [default]
    --get-colorbool       find the color setting: slot [stdout-is-tty]

Type
    -t, --type <>         value is given this type
    --bool                value is "true" or "false"
    --int                 value is decimal number
    --bool-or-int         value is --bool or --int
    --path                value is a path (file or directory name)
    --expiry-date         value is an expiry date

Other
    -z, --null            terminate values with NUL byte
    --name-only           show variable names only
    --includes            respect include directives on lookup
    --show-origin         show origin of config (file, standard input, blob, command line)
    --show-scope          show scope of config (worktree, local, global, system, command)
    --default <value>     with --get, use default value when missing entry


Sofien.Saidan@Sofienlaptop MINGW64 /d/siraj/learn_git_again (master)
$





























